You have triggered an unhandledRejection, you may have forgotten to catch a Promise rejection:
Error: DATABASE_URL must be set. Did you forget to provision a database?
    at file:///home/mediator/MediatorPro/dist/index.js:707:9
    at ModuleJob.run (node:internal/modules/esm/module_job:325:25)
    at async ModuleLoader.import (node:internal/modules/esm/loader:606:24)
2025-10-17T02:00:55: API key does not start with "SG.".
You have triggered an unhandledRejection, you may have forgotten to catch a Promise rejection:
TypeError: "clientId" must be a non-empty string
    at CodedTypeError (file:///home/mediator/MediatorPro/node_modules/openid-client/build/index.js:89:17)
    at new Configuration (file:///home/mediator/MediatorPro/node_modules/openid-client/build/index.js:463:19)
    at Module.discovery (file:///home/mediator/MediatorPro/node_modules/openid-client/build/index.js:244:22)
    at process.processTicksAndRejections (node:internal/process/task_queues:95:5)
    at async memoize.maxAge (file:///home/mediator/MediatorPro/dist/index.js:873:12)
    at async setupAuth (file:///home/mediator/MediatorPro/dist/index.js:921:18)
    at async registerRoutes (file:///home/mediator/MediatorPro/dist/index.js:1774:3)
    at async file:///home/mediator/MediatorPro/dist/index.js:2968:18
2025-10-17T02:27:29: API key does not start with "SG.".
You have triggered an unhandledRejection, you may have forgotten to catch a Promise rejection:
TypeError: "clientId" must be a non-empty string
    at CodedTypeError (file:///home/mediator/MediatorPro/node_modules/openid-client/build/index.js:89:17)
    at new Configuration (file:///home/mediator/MediatorPro/node_modules/openid-client/build/index.js:463:19)
    at Module.discovery (file:///home/mediator/MediatorPro/node_modules/openid-client/build/index.js:244:22)
    at process.processTicksAndRejections (node:internal/process/task_queues:95:5)
    at async memoize.maxAge (file:///home/mediator/MediatorPro/dist/index.js:873:12)
    at async setupAuth (file:///home/mediator/MediatorPro/dist/index.js:921:18)
    at async registerRoutes (file:///home/mediator/MediatorPro/dist/index.js:1774:3)
    at async file:///home/mediator/MediatorPro/dist/index.js:2968:18
